@  tlosykyx
│  add readme
│ ×  klywuoyq
├─╯  add new file
×  vqqrnsqx
│  add another line
◆  zzzzzzzz root()